  hook: 8.00s (1 clip)
  i1: 9.63s (2 clip)
  i2: 11.35s (2 clip)
  th_intro: 8.00s (1 clip)
  f1a: 9.88s (2 clip)
  f1b: 11.72s (2 clip)
  f1c: 7.54s (1 clip)
  f1d: 6.00s (1 clip)
  f2a: 8.27s (1 clip)
  f2b: 10.42s (2 clip)
  f2c: 6.58s (1 clip)
  f2d: 4.92s (1 clip)
  f3a: 9.96s (2 clip)
  f3b: 9.63s (2 clip)
  f3c: 6.83s (1 clip)
  f3d: 4.84s (1 clip)
  th_a: 8.00s (1 clip)
  f4a: 7.12s (1 clip)
  f4b: 8.62s (2 clip)
  f4c: 5.58s (1 clip)
  f4d: 5.26s (1 clip)
  f5a: 9.68s (2 clip)
  f5b: 8.01s (1 clip)
  f5c: 6.33s (1 clip)
  f5d: 3.83s (1 clip)
  th_b: 8.00s (1 clip)
  f6a: 8.25s (1 clip)
  f6b: 9.17s (2 clip)
  f6c: 5.46s (1 clip)
  f6d: 7.00s (1 clip)
  f7a: 7.59s (1 clip)
  f7b: 8.33s (1 clip)
  f7c: 6.39s (1 clip)
  f7d: 4.01s (1 clip)
  th_c: 8.00s (1 clip)
  f8a: 8.55s (2 clip)
  f8b: 9.75s (2 clip)
  f8c: 7.17s (1 clip)
  f8d: 4.21s (1 clip)
  f9a: 9.10s (2 clip)
  f9b: 8.69s (2 clip)
  f9c: 5.88s (1 clip)
  f9d: 2.71s (1 clip)
  th_d: 8.00s (1 clip)
  f10a: 6.75s (1 clip)
  f10b: 6.60s (1 clip)
  f10c: 7.54s (1 clip)
  f10d: 3.04s (1 clip)
  th_cta: 8.00s (1 clip)
  out1: 8.75s (2 clip)
  out2: 6.75s (1 clip)
FINAL: /home/user/YT-Clip-Calssifier/video4_veo/Candle Defects You Can Fix WITHOUT Repouring - In 30 Seconds Each.mp4 v=379.72s a=379.716333s
