  hook: 9.76s (2 clip)
  prev1: 11.62s (2 clip)
  prev2: 6.52s (2 clip)
  f1a: 5.46s (1 clip)
  f1b: 6.80s (2 clip)
  f1c: 5.08s (1 clip)
  f2a: 4.84s (1 clip)
  f2b: 7.43s (2 clip)
  f2c: 5.08s (1 clip)
  f3a: 4.62s (1 clip)
  f3b: 6.29s (1 clip)
  f4a: 6.88s (2 clip)
  f4b: 5.08s (1 clip)
  f4c: 3.50s (1 clip)
  f5a: 4.92s (1 clip)
  f5b: 8.38s (2 clip)
  f6a: 5.58s (1 clip)
  f6b: 5.04s (1 clip)
  f6c: 3.25s (1 clip)
  f7a: 5.81s (1 clip)
  f7b: 6.71s (2 clip)
  f8a: 3.67s (1 clip)
  f8b: 4.79s (1 clip)
  out1: 6.71s (2 clip)
  out2: 5.46s (1 clip)
FINAL: /home/user/YT-Clip-Calssifier/video2_grok/Candle Defects You Can Fix WITHOUT Repouring - In 30 Seconds Each (GROK).mp4 v=149.33s a=149.329000s
