  h00-hook: 12.97s (2 clip)
  b_int1: 12.46s (2 clip)
  b_int1b: 15.35s (2 clip)
  c_int1: 8.00s (1 clip)
  b_int2: 14.93s (2 clip)
  c_int2: 8.00s (1 clip)
  l1a: 13.50s (2 clip)
  l1b: 15.67s (2 clip)
  l1c: 13.75s (2 clip)
  l2a: 13.94s (2 clip)
  l2b: 13.88s (2 clip)
  l2c: 17.02s (3 clip)
  l2d: 12.60s (2 clip)
  c_l3: 8.00s (1 clip)
  l3a: 13.17s (2 clip)
  l3b: 11.50s (2 clip)
  l3c: 12.26s (2 clip)
  l4a: 12.97s (2 clip)
  l4b: 15.25s (2 clip)
  l4c: 11.67s (2 clip)
  l4d: 8.21s (1 clip)
  c_l5: 8.00s (1 clip)
  l5a: 9.92s (2 clip)
  l5b: 16.26s (2 clip)
  l5c: 11.83s (2 clip)
  l6a: 12.92s (2 clip)
  l6b: 13.10s (2 clip)
  l6c: 13.80s (2 clip)
  l7a: 12.88s (2 clip)
  l7b: 15.76s (2 clip)
  l7c: 13.71s (2 clip)
  l8a: 9.31s (2 clip)
  l8b: 14.09s (2 clip)
  l9a: 12.97s (2 clip)
  l9b: 13.88s (2 clip)
  l9c: 9.10s (2 clip)
  l10a: 9.50s (2 clip)
  l10b: 12.97s (2 clip)
  l10c: 11.92s (2 clip)
  c_recap: 8.00s (1 clip)
  b_recap: 14.88s (2 clip)
  c_cta: 8.00s (1 clip)
  b_outro: 9.81s (2 clip)
FINAL: /home/user/YT-Clip-Calssifier/video_build_v2/30. I Fixed 100 DEFECTIVE Candles In A Row - Here's What I Learned.mp4 v=527.71s a=527.709333s
