  h00-hook: 10.23s (2 clip)
  b_int1: 9.81s (2 clip)
  b_int1b: 12.08s (2 clip)
  c_int1: 8.00s (1 clip)
  b_int2: 11.75s (2 clip)
  c_int2: 8.00s (1 clip)
  l1a: 10.62s (2 clip)
  l1b: 12.33s (2 clip)
  l1c: 10.83s (2 clip)
  l2a: 11.00s (2 clip)
  l2b: 10.92s (2 clip)
  l2c: 13.38s (3 clip)
  l2d: 9.96s (2 clip)
  c_l3: 8.00s (1 clip)
  l3a: 10.38s (2 clip)
  l3b: 9.05s (2 clip)
  l3c: 9.68s (2 clip)
  l4a: 10.21s (2 clip)
  l4b: 11.98s (2 clip)
  l4c: 9.21s (2 clip)
  l4d: 6.46s (1 clip)
  c_l5: 8.00s (1 clip)
  l5a: 7.83s (2 clip)
  l5b: 12.79s (2 clip)
  l5c: 9.31s (2 clip)
  l6a: 10.17s (2 clip)
  l6b: 10.33s (2 clip)
  l6c: 10.88s (2 clip)
  l7a: 10.17s (2 clip)
  l7b: 12.39s (2 clip)
  l7c: 10.80s (2 clip)
  l8a: 7.35s (2 clip)
  l8b: 11.09s (2 clip)
  l9a: 10.21s (2 clip)
  l9b: 10.92s (2 clip)
  l9c: 7.22s (2 clip)
  l10a: 7.51s (2 clip)
  l10b: 10.23s (2 clip)
  l10c: 9.39s (2 clip)
  c_recap: 8.00s (1 clip)
  b_recap: 11.72s (2 clip)
  c_cta: 8.00s (1 clip)
  b_outro: 7.75s (2 clip)
FINAL: /home/user/YT-Clip-Calssifier/video_build_v2/30. I Fixed 100 DEFECTIVE Candles In A Row - Here's What I Learned.mp4 v=425.98s a=425.980333s
